update-alternatives 2024-10-11 02:03:35: run with --quiet --install /usr/bin/awk awk /usr/bin/mawk 5 --slave /usr/share/man/man1/awk.1.gz awk.1.gz /usr/share/man/man1/mawk.1.gz --slave /usr/bin/nawk nawk /usr/bin/mawk --slave /usr/share/man/man1/nawk.1.gz nawk.1.gz /usr/share/man/man1/mawk.1.gz
update-alternatives 2024-10-11 02:03:35: link group awk updated to point to /usr/bin/mawk
update-alternatives 2024-10-11 02:03:39: run with --quiet --install /usr/bin/awk awk /usr/bin/mawk 5 --slave /usr/share/man/man1/awk.1.gz awk.1.gz /usr/share/man/man1/mawk.1.gz --slave /usr/bin/nawk nawk /usr/bin/mawk --slave /usr/share/man/man1/nawk.1.gz nawk.1.gz /usr/share/man/man1/mawk.1.gz
update-alternatives 2024-10-11 02:03:40: run with --install /usr/share/man/man7/builtins.7.gz builtins.7.gz /usr/share/man/man7/bash-builtins.7.gz 10
update-alternatives 2024-10-11 02:03:40: link group builtins.7.gz updated to point to /usr/share/man/man7/bash-builtins.7.gz
update-alternatives 2024-10-11 02:03:40: run with --install /usr/sbin/rmt rmt /usr/sbin/rmt-tar 50 --slave /usr/share/man/man8/rmt.8.gz rmt.8.gz /usr/share/man/man8/rmt-tar.8.gz
update-alternatives 2024-10-11 02:03:40: link group rmt updated to point to /usr/sbin/rmt-tar
update-alternatives 2024-10-11 02:03:40: run with --install /usr/bin/w w /usr/bin/w.procps 50 --slave /usr/share/man/man1/w.1.gz w.1.gz /usr/share/man/man1/w.procps.1.gz
update-alternatives 2024-10-11 02:03:40: link group w updated to point to /usr/bin/w.procps
update-alternatives 2024-10-11 02:03:41: run with --install /usr/bin/pager pager /bin/more 50 --slave /usr/share/man/man1/pager.1.gz pager.1.gz /usr/share/man/man1/more.1.gz
update-alternatives 2024-10-11 02:03:41: link group pager updated to point to /bin/more
update-alternatives 2024-10-11 02:03:41: run with --remove pager /usr/bin/pg
update-alternatives 2024-10-11 02:04:01: run with --remove builtins.7.gz /usr/share/man/man7/bash-builtins.7.gz
update-alternatives 2024-10-11 02:04:01: link group builtins.7.gz fully removed
update-alternatives 2024-10-11 02:08:18: run with --quiet --install /usr/bin/awk awk /usr/bin/mawk 5 --slave /usr/share/man/man1/awk.1.gz awk.1.gz /usr/share/man/man1/mawk.1.gz --slave /usr/bin/nawk nawk /usr/bin/mawk --slave /usr/share/man/man1/nawk.1.gz nawk.1.gz /usr/share/man/man1/mawk.1.gz
update-alternatives 2024-10-11 02:08:18: auto-repair link group awk
update-alternatives 2024-10-11 02:08:39: run with --install /usr/bin/w w /usr/bin/w.procps 50 --slave /usr/share/man/man1/w.1.gz w.1.gz /usr/share/man/man1/w.procps.1.gz
update-alternatives 2024-10-11 02:08:39: auto-repair link group w
update-alternatives 2024-10-11 02:08:53: run with --install /usr/sbin/rmt rmt /usr/sbin/rmt-tar 50 --slave /usr/share/man/man8/rmt.8.gz rmt.8.gz /usr/share/man/man8/rmt-tar.8.gz
update-alternatives 2024-10-11 02:08:53: auto-repair link group rmt
update-alternatives 2024-10-11 02:09:00: run with --install /usr/bin/pager pager /bin/more 50 --slave /usr/share/man/man1/pager.1.gz pager.1.gz /usr/share/man/man1/more.1.gz
update-alternatives 2024-10-11 02:09:00: auto-repair link group pager
update-alternatives 2024-10-11 02:09:00: run with --remove pager /usr/bin/pg
update-alternatives 2024-10-11 02:09:14: run with --install /usr/sbin/rmt rmt /usr/sbin/rmt-tar 50 --slave /usr/share/man/man8/rmt.8.gz rmt.8.gz /usr/share/man/man8/rmt-tar.8.gz
update-alternatives 2024-10-11 02:09:16: run with --install /usr/bin/pager pager /bin/more 50 --slave /usr/share/man/man1/pager.1.gz pager.1.gz /usr/share/man/man1/more.1.gz
update-alternatives 2024-10-11 02:09:16: run with --remove pager /usr/bin/pg
update-alternatives 2024-10-11 02:09:20: run with --install /usr/bin/w w /usr/bin/w.procps 50 --slave /usr/share/man/man1/w.1.gz w.1.gz /usr/share/man/man1/w.procps.1.gz
update-alternatives 2025-03-17 16:55:18: run with --quiet --install /usr/bin/awk awk /usr/bin/mawk 5 --slave /usr/share/man/man1/awk.1.gz awk.1.gz /usr/share/man/man1/mawk.1.gz --slave /usr/bin/nawk nawk /usr/bin/mawk --slave /usr/share/man/man1/nawk.1.gz nawk.1.gz /usr/share/man/man1/mawk.1.gz
update-alternatives 2025-03-17 16:55:18: auto-repair link group awk
update-alternatives 2025-03-17 16:55:18: run with --install /usr/share/man/man7/builtins.7.gz builtins.7.gz /usr/share/man/man7/bash-builtins.7.gz 10
update-alternatives 2025-03-17 16:55:18: link group builtins.7.gz updated to point to /usr/share/man/man7/bash-builtins.7.gz
update-alternatives 2025-03-17 16:55:18: run with --install /usr/sbin/rmt rmt /usr/sbin/rmt-tar 50 --slave /usr/share/man/man8/rmt.8.gz rmt.8.gz /usr/share/man/man8/rmt-tar.8.gz
update-alternatives 2025-03-17 16:55:18: auto-repair link group rmt
update-alternatives 2025-03-17 16:55:20: run with --install /usr/bin/pager pager /bin/more 50 --slave /usr/share/man/man1/pager.1.gz pager.1.gz /usr/share/man/man1/more.1.gz
update-alternatives 2025-03-17 16:55:20: auto-repair link group pager
update-alternatives 2025-03-17 16:55:20: run with --remove pager /usr/bin/pg
update-alternatives 2025-03-17 16:55:22: run with --install /usr/bin/w w /usr/bin/w.procps 50 --slave /usr/share/man/man1/w.1.gz w.1.gz /usr/share/man/man1/w.procps.1.gz
update-alternatives 2025-03-17 16:55:22: auto-repair link group w
update-alternatives 2025-03-17 16:55:48: run with --install /etc/mysql/my.cnf my.cnf /etc/mysql/my.cnf.fallback 100
update-alternatives 2025-03-17 16:55:48: link group my.cnf updated to point to /etc/mysql/my.cnf.fallback
update-alternatives 2025-03-17 16:55:48: run with --install /usr/bin/lzma lzma /usr/bin/xz 20 --slave /usr/share/man/man1/lzma.1.gz lzma.1.gz /usr/share/man/man1/xz.1.gz --slave /usr/bin/unlzma unlzma /usr/bin/unxz --slave /usr/share/man/man1/unlzma.1.gz unlzma.1.gz /usr/share/man/man1/unxz.1.gz --slave /usr/bin/lzcat lzcat /usr/bin/xzcat --slave /usr/share/man/man1/lzcat.1.gz lzcat.1.gz /usr/share/man/man1/xzcat.1.gz --slave /usr/bin/lzmore lzmore /usr/bin/xzmore --slave /usr/share/man/man1/lzmore.1.gz lzmore.1.gz /usr/share/man/man1/xzmore.1.gz --slave /usr/bin/lzless lzless /usr/bin/xzless --slave /usr/share/man/man1/lzless.1.gz lzless.1.gz /usr/share/man/man1/xzless.1.gz --slave /usr/bin/lzdiff lzdiff /usr/bin/xzdiff --slave /usr/share/man/man1/lzdiff.1.gz lzdiff.1.gz /usr/share/man/man1/xzdiff.1.gz --slave /usr/bin/lzcmp lzcmp /usr/bin/xzcmp --slave /usr/share/man/man1/lzcmp.1.gz lzcmp.1.gz /usr/share/man/man1/xzcmp.1.gz --slave /usr/bin/lzgrep lzgrep /usr/bin/xzgrep --slave /usr/share/man/man1/lzgrep.1.gz lzgrep.1.gz /usr/share/man/man1/xzgrep.1.gz --slave /usr/bin/lzegrep lzegrep /usr/bin/xzegrep --slave /usr/share/man/man1/lzegrep.1.gz lzegrep.1.gz /usr/share/man/man1/xzegrep.1.gz --slave /usr/bin/lzfgrep lzfgrep /usr/bin/xzfgrep --slave /usr/share/man/man1/lzfgrep.1.gz lzfgrep.1.gz /usr/share/man/man1/xzfgrep.1.gz
update-alternatives 2025-03-17 16:55:48: link group lzma updated to point to /usr/bin/xz
update-alternatives 2025-03-17 16:55:51: run with --quiet --install /lib/cpp cpp /usr/bin/cpp 10
update-alternatives 2025-03-17 16:55:51: link group cpp updated to point to /usr/bin/cpp
update-alternatives 2025-03-17 16:55:51: run with --install /usr/bin/automake automake /usr/bin/automake-1.16 34 --slave /usr/bin/aclocal aclocal /usr/bin/aclocal-1.16 --slave /usr/share/man/man1/automake.1.gz automake.1.gz /usr/share/man/man1/automake-1.16.1.gz --slave /usr/share/man/man1/aclocal.1.gz aclocal.1.gz /usr/share/man/man1/aclocal-1.16.1.gz
update-alternatives 2025-03-17 16:55:51: link group automake updated to point to /usr/bin/automake-1.16
update-alternatives 2025-03-17 16:55:52: run with --quiet --install /usr/bin/cc cc /usr/bin/gcc 20 --slave /usr/share/man/man1/cc.1.gz cc.1.gz /usr/share/man/man1/gcc.1.gz
update-alternatives 2025-03-17 16:55:52: link group cc updated to point to /usr/bin/gcc
update-alternatives 2025-03-17 16:55:52: run with --quiet --install /usr/bin/c89 c89 /usr/bin/c89-gcc 20 --slave /usr/share/man/man1/c89.1.gz c89.1.gz /usr/share/man/man1/c89-gcc.1.gz
update-alternatives 2025-03-17 16:55:52: link group c89 updated to point to /usr/bin/c89-gcc
update-alternatives 2025-03-17 16:55:52: run with --quiet --install /usr/bin/c99 c99 /usr/bin/c99-gcc 20 --slave /usr/share/man/man1/c99.1.gz c99.1.gz /usr/share/man/man1/c99-gcc.1.gz
update-alternatives 2025-03-17 16:55:52: link group c99 updated to point to /usr/bin/c99-gcc
update-alternatives 2025-03-17 16:55:53: run with --install /usr/bin/c++ c++ /usr/bin/g++ 20 --slave /usr/share/man/man1/c++.1.gz c++.1.gz /usr/share/man/man1/g++.1.gz
update-alternatives 2025-03-17 16:55:53: link group c++ updated to point to /usr/bin/g++
update-alternatives 2025-03-17 16:56:19: run with --quiet --install /usr/bin/c++ c++ /usr/bin/clang++ 10
update-alternatives 2025-03-17 16:56:19: run with --quiet --install /usr/bin/cc cc /usr/bin/clang 10
update-alternatives 2025-03-17 16:56:19: run with --quiet --install /usr/bin/c89 c89 /usr/bin/clang 10
update-alternatives 2025-03-17 16:56:19: run with --quiet --install /usr/bin/c99 c99 /usr/bin/clang 10
update-alternatives 2025-03-17 16:56:24: run with --install /usr/bin/vim vim /usr/bin/vim.basic 30
update-alternatives 2025-03-17 16:56:24: link group vim updated to point to /usr/bin/vim.basic
update-alternatives 2025-03-17 16:56:24: run with --install /usr/bin/vimdiff vimdiff /usr/bin/vim.basic 30
update-alternatives 2025-03-17 16:56:24: link group vimdiff updated to point to /usr/bin/vim.basic
update-alternatives 2025-03-17 16:56:24: run with --install /usr/bin/rvim rvim /usr/bin/vim.basic 30
update-alternatives 2025-03-17 16:56:24: link group rvim updated to point to /usr/bin/vim.basic
update-alternatives 2025-03-17 16:56:24: run with --install /usr/bin/rview rview /usr/bin/vim.basic 30
update-alternatives 2025-03-17 16:56:24: link group rview updated to point to /usr/bin/vim.basic
update-alternatives 2025-03-17 16:56:24: run with --install /usr/bin/vi vi /usr/bin/vim.basic 30 --slave /usr/share/man/da/man1/vi.1.gz vi.da.1.gz /usr/share/man/da/man1/vim.1.gz --slave /usr/share/man/de/man1/vi.1.gz vi.de.1.gz /usr/share/man/de/man1/vim.1.gz --slave /usr/share/man/fr/man1/vi.1.gz vi.fr.1.gz /usr/share/man/fr/man1/vim.1.gz --slave /usr/share/man/it/man1/vi.1.gz vi.it.1.gz /usr/share/man/it/man1/vim.1.gz --slave /usr/share/man/ja/man1/vi.1.gz vi.ja.1.gz /usr/share/man/ja/man1/vim.1.gz --slave /usr/share/man/pl/man1/vi.1.gz vi.pl.1.gz /usr/share/man/pl/man1/vim.1.gz --slave /usr/share/man/ru/man1/vi.1.gz vi.ru.1.gz /usr/share/man/ru/man1/vim.1.gz --slave /usr/share/man/man1/vi.1.gz vi.1.gz /usr/share/man/man1/vim.1.gz
update-alternatives 2025-03-17 16:56:24: link group vi updated to point to /usr/bin/vim.basic
update-alternatives 2025-03-17 16:56:24: run with --install /usr/bin/view view /usr/bin/vim.basic 30 --slave /usr/share/man/da/man1/view.1.gz view.da.1.gz /usr/share/man/da/man1/vim.1.gz --slave /usr/share/man/de/man1/view.1.gz view.de.1.gz /usr/share/man/de/man1/vim.1.gz --slave /usr/share/man/fr/man1/view.1.gz view.fr.1.gz /usr/share/man/fr/man1/vim.1.gz --slave /usr/share/man/it/man1/view.1.gz view.it.1.gz /usr/share/man/it/man1/vim.1.gz --slave /usr/share/man/ja/man1/view.1.gz view.ja.1.gz /usr/share/man/ja/man1/vim.1.gz --slave /usr/share/man/pl/man1/view.1.gz view.pl.1.gz /usr/share/man/pl/man1/vim.1.gz --slave /usr/share/man/ru/man1/view.1.gz view.ru.1.gz /usr/share/man/ru/man1/vim.1.gz --slave /usr/share/man/man1/view.1.gz view.1.gz /usr/share/man/man1/vim.1.gz
update-alternatives 2025-03-17 16:56:24: link group view updated to point to /usr/bin/vim.basic
update-alternatives 2025-03-17 16:56:24: run with --install /usr/bin/ex ex /usr/bin/vim.basic 30 --slave /usr/share/man/da/man1/ex.1.gz ex.da.1.gz /usr/share/man/da/man1/vim.1.gz --slave /usr/share/man/de/man1/ex.1.gz ex.de.1.gz /usr/share/man/de/man1/vim.1.gz --slave /usr/share/man/fr/man1/ex.1.gz ex.fr.1.gz /usr/share/man/fr/man1/vim.1.gz --slave /usr/share/man/it/man1/ex.1.gz ex.it.1.gz /usr/share/man/it/man1/vim.1.gz --slave /usr/share/man/ja/man1/ex.1.gz ex.ja.1.gz /usr/share/man/ja/man1/vim.1.gz --slave /usr/share/man/pl/man1/ex.1.gz ex.pl.1.gz /usr/share/man/pl/man1/vim.1.gz --slave /usr/share/man/ru/man1/ex.1.gz ex.ru.1.gz /usr/share/man/ru/man1/vim.1.gz --slave /usr/share/man/man1/ex.1.gz ex.1.gz /usr/share/man/man1/vim.1.gz
update-alternatives 2025-03-17 16:56:24: link group ex updated to point to /usr/bin/vim.basic
update-alternatives 2025-03-17 16:56:24: run with --install /usr/bin/editor editor /usr/bin/vim.basic 30 --slave /usr/share/man/da/man1/editor.1.gz editor.da.1.gz /usr/share/man/da/man1/vim.1.gz --slave /usr/share/man/de/man1/editor.1.gz editor.de.1.gz /usr/share/man/de/man1/vim.1.gz --slave /usr/share/man/fr/man1/editor.1.gz editor.fr.1.gz /usr/share/man/fr/man1/vim.1.gz --slave /usr/share/man/it/man1/editor.1.gz editor.it.1.gz /usr/share/man/it/man1/vim.1.gz --slave /usr/share/man/ja/man1/editor.1.gz editor.ja.1.gz /usr/share/man/ja/man1/vim.1.gz --slave /usr/share/man/pl/man1/editor.1.gz editor.pl.1.gz /usr/share/man/pl/man1/vim.1.gz --slave /usr/share/man/ru/man1/editor.1.gz editor.ru.1.gz /usr/share/man/ru/man1/vim.1.gz --slave /usr/share/man/man1/editor.1.gz editor.1.gz /usr/share/man/man1/vim.1.gz
update-alternatives 2025-03-17 16:56:24: link group editor updated to point to /usr/bin/vim.basic
update-alternatives 2025-03-17 16:56:34: run with --install /usr/share/icons/default/index.theme x-cursor-theme /usr/share/icons/Adwaita/cursor.theme 90
update-alternatives 2025-03-17 16:56:34: link group x-cursor-theme updated to point to /usr/share/icons/Adwaita/cursor.theme
update-alternatives 2025-03-17 16:56:39: run with --install /usr/bin/write write /usr/bin/bsd-write 100 --slave /usr/share/man/man1/write.1.gz write.1.gz /usr/share/man/man1/bsd-write.1.gz
update-alternatives 2025-03-17 16:56:39: link group write updated to point to /usr/bin/bsd-write
update-alternatives 2025-03-17 16:56:39: run with --install /usr/bin/from from /usr/bin/bsd-from 10 --slave /usr/share/man/man1/from.1.gz from.1.gz /usr/share/man/man1/bsd-from.1.gz
update-alternatives 2025-03-17 16:56:39: link group from updated to point to /usr/bin/bsd-from
update-alternatives 2025-03-17 16:56:39: run with --install /usr/bin/www-browser www-browser /usr/bin/lynx 40 --slave /usr/share/man/man1/www-browser.1.gz www-browser.1.gz /usr/share/man/man1/lynx.1.gz
update-alternatives 2025-03-17 16:56:39: link group www-browser updated to point to /usr/bin/lynx
update-alternatives 2025-03-17 16:56:59: run with --quiet --install /usr/bin/pinentry pinentry /usr/bin/pinentry-curses 50 --slave /usr/share/man/man1/pinentry.1.gz pinentry.1.gz /usr/share/man/man1/pinentry-curses.1.gz
update-alternatives 2025-03-17 16:56:59: link group pinentry updated to point to /usr/bin/pinentry-curses
update-alternatives 2025-03-17 16:56:59: run with --quiet --install /usr/bin/pager pager /usr/bin/less 77 --slave /usr/share/man/man1/pager.1.gz pager.1.gz /usr/share/man/man1/less.1.gz
update-alternatives 2025-03-17 16:56:59: link group pager updated to point to /usr/bin/less
update-alternatives 2025-03-17 16:56:59: run with --quiet --remove pager /bin/less
update-alternatives 2025-03-17 16:56:59: run with --install /usr/bin/rview rview /usr/bin/vim.tiny 15
update-alternatives 2025-03-17 16:56:59: run with --install /usr/bin/vi vi /usr/bin/vim.tiny 15 --slave /usr/share/man/da/man1/vi.1.gz vi.da.1.gz /usr/share/man/da/man1/vim.1.gz --slave /usr/share/man/de/man1/vi.1.gz vi.de.1.gz /usr/share/man/de/man1/vim.1.gz --slave /usr/share/man/fr/man1/vi.1.gz vi.fr.1.gz /usr/share/man/fr/man1/vim.1.gz --slave /usr/share/man/it/man1/vi.1.gz vi.it.1.gz /usr/share/man/it/man1/vim.1.gz --slave /usr/share/man/ja/man1/vi.1.gz vi.ja.1.gz /usr/share/man/ja/man1/vim.1.gz --slave /usr/share/man/pl/man1/vi.1.gz vi.pl.1.gz /usr/share/man/pl/man1/vim.1.gz --slave /usr/share/man/ru/man1/vi.1.gz vi.ru.1.gz /usr/share/man/ru/man1/vim.1.gz --slave /usr/share/man/man1/vi.1.gz vi.1.gz /usr/share/man/man1/vim.1.gz
update-alternatives 2025-03-17 16:56:59: run with --install /usr/bin/view view /usr/bin/vim.tiny 15 --slave /usr/share/man/da/man1/view.1.gz view.da.1.gz /usr/share/man/da/man1/vim.1.gz --slave /usr/share/man/de/man1/view.1.gz view.de.1.gz /usr/share/man/de/man1/vim.1.gz --slave /usr/share/man/fr/man1/view.1.gz view.fr.1.gz /usr/share/man/fr/man1/vim.1.gz --slave /usr/share/man/it/man1/view.1.gz view.it.1.gz /usr/share/man/it/man1/vim.1.gz --slave /usr/share/man/ja/man1/view.1.gz view.ja.1.gz /usr/share/man/ja/man1/vim.1.gz --slave /usr/share/man/pl/man1/view.1.gz view.pl.1.gz /usr/share/man/pl/man1/vim.1.gz --slave /usr/share/man/ru/man1/view.1.gz view.ru.1.gz /usr/share/man/ru/man1/vim.1.gz --slave /usr/share/man/man1/view.1.gz view.1.gz /usr/share/man/man1/vim.1.gz
update-alternatives 2025-03-17 16:56:59: run with --install /usr/bin/ex ex /usr/bin/vim.tiny 15 --slave /usr/share/man/da/man1/ex.1.gz ex.da.1.gz /usr/share/man/da/man1/vim.1.gz --slave /usr/share/man/de/man1/ex.1.gz ex.de.1.gz /usr/share/man/de/man1/vim.1.gz --slave /usr/share/man/fr/man1/ex.1.gz ex.fr.1.gz /usr/share/man/fr/man1/vim.1.gz --slave /usr/share/man/it/man1/ex.1.gz ex.it.1.gz /usr/share/man/it/man1/vim.1.gz --slave /usr/share/man/ja/man1/ex.1.gz ex.ja.1.gz /usr/share/man/ja/man1/vim.1.gz --slave /usr/share/man/pl/man1/ex.1.gz ex.pl.1.gz /usr/share/man/pl/man1/vim.1.gz --slave /usr/share/man/ru/man1/ex.1.gz ex.ru.1.gz /usr/share/man/ru/man1/vim.1.gz --slave /usr/share/man/man1/ex.1.gz ex.1.gz /usr/share/man/man1/vim.1.gz
update-alternatives 2025-03-17 16:56:59: run with --install /usr/bin/editor editor /usr/bin/vim.tiny 15 --slave /usr/share/man/da/man1/editor.1.gz editor.da.1.gz /usr/share/man/da/man1/vim.1.gz --slave /usr/share/man/de/man1/editor.1.gz editor.de.1.gz /usr/share/man/de/man1/vim.1.gz --slave /usr/share/man/fr/man1/editor.1.gz editor.fr.1.gz /usr/share/man/fr/man1/vim.1.gz --slave /usr/share/man/it/man1/editor.1.gz editor.it.1.gz /usr/share/man/it/man1/vim.1.gz --slave /usr/share/man/ja/man1/editor.1.gz editor.ja.1.gz /usr/share/man/ja/man1/vim.1.gz --slave /usr/share/man/pl/man1/editor.1.gz editor.pl.1.gz /usr/share/man/pl/man1/vim.1.gz --slave /usr/share/man/ru/man1/editor.1.gz editor.ru.1.gz /usr/share/man/ru/man1/vim.1.gz --slave /usr/share/man/man1/editor.1.gz editor.1.gz /usr/share/man/man1/vim.1.gz
update-alternatives 2025-03-17 16:57:01: run with --install /usr/bin/editor editor /bin/nano 40 --slave /usr/share/man/man1/editor.1.gz editor.1.gz /usr/share/man/man1/nano.1.gz
update-alternatives 2025-03-17 16:57:01: link group editor updated to point to /bin/nano
update-alternatives 2025-03-17 16:57:01: run with --install /usr/bin/pico pico /bin/nano 10 --slave /usr/share/man/man1/pico.1.gz pico.1.gz /usr/share/man/man1/nano.1.gz
update-alternatives 2025-03-17 16:57:01: link group pico updated to point to /bin/nano
update-alternatives 2025-03-17 16:57:01: run with --quiet --install /usr/bin/rsh rsh /usr/bin/ssh 20 --slave /usr/share/man/man1/rsh.1.gz rsh.1.gz /usr/share/man/man1/ssh.1.gz
update-alternatives 2025-03-17 16:57:01: link group rsh updated to point to /usr/bin/ssh
update-alternatives 2025-03-17 16:57:01: run with --quiet --install /usr/bin/rlogin rlogin /usr/bin/slogin 20 --slave /usr/share/man/man1/rlogin.1.gz rlogin.1.gz /usr/share/man/man1/slogin.1.gz
update-alternatives 2025-03-17 16:57:01: link group rlogin updated to point to /usr/bin/slogin
update-alternatives 2025-03-17 16:57:01: run with --quiet --install /usr/bin/rcp rcp /usr/bin/scp 20 --slave /usr/share/man/man1/rcp.1.gz rcp.1.gz /usr/share/man/man1/scp.1.gz
update-alternatives 2025-03-17 16:57:01: link group rcp updated to point to /usr/bin/scp
update-alternatives 2025-03-17 17:05:56: run with --quiet --install /usr/bin/awk awk /usr/bin/gawk 10 --slave /usr/share/man/man1/awk.1.gz awk.1.gz /usr/share/man/man1/gawk.1.gz --slave /usr/bin/nawk nawk /usr/bin/gawk --slave /usr/share/man/man1/nawk.1.gz nawk.1.gz /usr/share/man/man1/gawk.1.gz
update-alternatives 2025-03-17 17:05:56: link group awk updated to point to /usr/bin/gawk
update-alternatives 2025-03-17 17:05:56: run with --install /usr/bin/yacc yacc /usr/bin/bison.yacc 100 --slave /usr/share/man/man1/yacc.1.gz yaccman /usr/share/man/man1/bison.yacc.1.gz
update-alternatives 2025-03-17 17:05:56: link group yacc updated to point to /usr/bin/bison.yacc
update-alternatives 2025-03-17 17:09:15: run with --install /usr/sbin/iptables iptables /usr/sbin/iptables-legacy 20 --slave /usr/sbin/iptables-restore iptables-restore /usr/sbin/iptables-legacy-restore --slave /usr/sbin/iptables-save iptables-save /usr/sbin/iptables-legacy-save
update-alternatives 2025-03-17 17:09:15: link group iptables updated to point to /usr/sbin/iptables-legacy
update-alternatives 2025-03-17 17:09:15: run with --install /usr/sbin/ip6tables ip6tables /usr/sbin/ip6tables-legacy 20 --slave /usr/sbin/ip6tables-restore ip6tables-restore /usr/sbin/ip6tables-legacy-restore --slave /usr/sbin/ip6tables-save ip6tables-save /usr/sbin/ip6tables-legacy-save
update-alternatives 2025-03-17 17:09:15: link group ip6tables updated to point to /usr/sbin/ip6tables-legacy
update-alternatives 2025-03-17 17:09:15: run with --install /usr/sbin/iptables iptables /usr/sbin/iptables-nft 10 --slave /usr/sbin/iptables-restore iptables-restore /usr/sbin/iptables-nft-restore --slave /usr/sbin/iptables-save iptables-save /usr/sbin/iptables-nft-save
update-alternatives 2025-03-17 17:09:15: run with --install /usr/sbin/ip6tables ip6tables /usr/sbin/ip6tables-nft 10 --slave /usr/sbin/ip6tables-restore ip6tables-restore /usr/sbin/ip6tables-nft-restore --slave /usr/sbin/ip6tables-save ip6tables-save /usr/sbin/ip6tables-nft-save
update-alternatives 2025-03-17 17:09:15: run with --install /usr/sbin/arptables arptables /usr/sbin/arptables-nft 10 --slave /usr/sbin/arptables-restore arptables-restore /usr/sbin/arptables-nft-restore --slave /usr/sbin/arptables-save arptables-save /usr/sbin/arptables-nft-save
update-alternatives 2025-03-17 17:09:15: link group arptables updated to point to /usr/sbin/arptables-nft
update-alternatives 2025-03-17 17:09:15: run with --install /usr/sbin/ebtables ebtables /usr/sbin/ebtables-nft 10 --slave /usr/sbin/ebtables-restore ebtables-restore /usr/sbin/ebtables-nft-restore --slave /usr/sbin/ebtables-save ebtables-save /usr/sbin/ebtables-nft-save
update-alternatives 2025-03-17 17:09:15: link group ebtables updated to point to /usr/sbin/ebtables-nft
update-alternatives 2025-03-17 17:09:15: run with --set iptables /usr/sbin/iptables-legacy
update-alternatives 2025-03-17 17:09:15: status of link group /usr/sbin/iptables set to manual
update-alternatives 2025-03-17 17:09:15: run with --set ip6tables /usr/sbin/ip6tables-legacy
update-alternatives 2025-03-17 17:09:15: status of link group /usr/sbin/ip6tables set to manual
update-alternatives 2025-03-17 17:09:33: run with --install /usr/local/bin/docker-compose docker-compose /usr/local/bin/compose-switch 99
update-alternatives 2025-03-17 17:09:33: link group docker-compose updated to point to /usr/local/bin/compose-switch
update-alternatives 2025-03-17 17:09:33: run with --install /usr/local/bin/docker-compose docker-compose /usr/local/bin/docker-compose-v1 1
